// Jest Snapshot v1, https://goo.gl/fbAQLP

exports[`NativeSelect.vue matches previous snapshot 1`] = `Promise {}`;
