// Jest Snapshot v1, https://goo.gl/fbAQLP

exports[`Select.vue matches previous snapshot 1`] = `Promise {}`;
