// Jest Snapshot v1, https://goo.gl/fbAQLP

exports[`SelectDropdown.vue matches previous snapshot 1`] = `Promise {}`;
