// Jest Snapshot v1, https://goo.gl/fbAQLP

exports[`TemplateBrowser <TemplateBrowser> matches previous snapshot 1`] = `
<div data-tipe-ui="TipeTemplateBrowser">
  <!---->
  <!---->
</div>
`;
