// Jest Snapshot v1, https://goo.gl/fbAQLP

exports[`DocumentBlock <template> matches previous snapshot 1`] = `
<div data-tipe-ui="TipeDocumentEditor">
  <TipeDocumentBlockList-stub></TipeDocumentBlockList-stub>
</div>
`;
