// Jest Snapshot v1, https://goo.gl/fbAQLP

exports[`DropDown <template> matches previous snapshot 1`] = `
<div data-tipe-ui="TipeDropDown">
  <div class="control-container"></div>
  <!---->
  <!---->
</div>
`;
