// Jest Snapshot v1, https://goo.gl/fbAQLP

exports[`FinderViewer <template> matches previous snapshot 1`] = `
<div data-tipe-ui="TipeFinder">
  <div class="layout list-rectangle"></div>
</div>
`;
