// Jest Snapshot v1, https://goo.gl/fbAQLP

exports[`TipeSelect.vue renders 1`] = `
<div data-tipe-ui="$options.name" class="input-flex">
  <label htmlFor="Name">Name</label>
  <input type="text" id="Name" placeholder="Type your name here" value="">
  <!---->
</div>
`;
