// Jest Snapshot v1, https://goo.gl/fbAQLP

exports[`Sidebar <template> matches previous snapshot 1`] = `
<a data-tipe-ui="TipeSidebarLink" href="#">
  <div class="icon-container">
    <TipeIcon-stub class="icon"></TipeIcon-stub>
  </div>
  <div class="indicator"></div>
</a>
`;
